// Jest Snapshot v1, https://goo.gl/fbAQLP

exports[`constructsMaker determineGoModuleName can determine  1`] = `1`;
