// Jest Snapshot v1, https://goo.gl/fbAQLP

exports[`readSchema generates a single module schema 1`] = `
Object {
  "moduleSchema": Object {
    "iam-account": Object {
      "inputs": Array [
        Object {
          "description": "AWS IAM account alias for this account",
          "name": "account_alias",
          "required": true,
          "type": "string",
        },
        Object {
          "default": true,
          "description": "Whether to allow users to change their own password",
          "name": "allow_users_to_change_password",
          "required": false,
          "type": "bool",
        },
        Object {
          "default": true,
          "description": "Whether to create AWS IAM account password policy",
          "name": "create_account_password_policy",
          "required": false,
          "type": "bool",
        },
        Object {
          "default": true,
          "description": "Whether to get AWS account ID, User ID, and ARN in which Terraform is authorized",
          "name": "get_caller_identity",
          "required": false,
          "type": "bool",
        },
        Object {
          "default": false,
          "description": "Whether users are prevented from setting a new password after their password has expired (i.e. require administrator reset)",
          "name": "hard_expiry",
          "required": false,
          "type": "bool",
        },
        Object {
          "default": 0,
          "description": "The number of days that an user password is valid.",
          "name": "max_password_age",
          "required": false,
          "type": "number",
        },
        Object {
          "default": 8,
          "description": "Minimum length to require for user passwords",
          "name": "minimum_password_length",
          "required": false,
          "type": "number",
        },
        Object {
          "default": null,
          "description": "The number of previous passwords that users are prevented from reusing",
          "name": "password_reuse_prevention",
          "required": false,
          "type": "number",
        },
        Object {
          "default": true,
          "description": "Whether to require lowercase characters for user passwords",
          "name": "require_lowercase_characters",
          "required": false,
          "type": "bool",
        },
        Object {
          "default": true,
          "description": "Whether to require numbers for user passwords",
          "name": "require_numbers",
          "required": false,
          "type": "bool",
        },
        Object {
          "default": true,
          "description": "Whether to require symbols for user passwords",
          "name": "require_symbols",
          "required": false,
          "type": "bool",
        },
        Object {
          "default": true,
          "description": "Whether to require uppercase characters for user passwords",
          "name": "require_uppercase_characters",
          "required": false,
          "type": "bool",
        },
      ],
      "name": "iam-account",
      "outputs": Array [
        Object {
          "description": "The AWS Account ID number of the account that owns or contains the calling entity",
          "name": "this_caller_identity_account_id",
        },
        Object {
          "description": "The AWS ARN associated with the calling entity",
          "name": "this_caller_identity_arn",
        },
        Object {
          "description": "The unique identifier of the calling entity",
          "name": "this_caller_identity_user_id",
        },
        Object {
          "description": "Indicates whether passwords in the account expire. Returns true if max_password_age contains a value greater than 0. Returns false if it is 0 or not present.",
          "name": "this_iam_account_password_policy_expire_passwords",
        },
      ],
    },
  },
  "providerSchema": Object {},
}
`;

exports[`readSchema generates a single provider schema 1`] = `
Object {
  "moduleSchema": Object {},
  "providerSchema": Object {
    "format_version": "0.1",
    "provider_schemas": Object {
      "registry.terraform.io/hashicorp/null": Object {
        "data_source_schemas": Object {
          "null_data_source": Object {
            "block": Object {
              "attributes": Object {
                "has_computed_default": Object {
                  "computed": true,
                  "description": "If set, its literal value will be stored and returned. If not, its value defaults to \`\\"default\\"\`. This argument exists primarily for testing and has little practical use.",
                  "description_kind": "markdown",
                  "optional": true,
                  "type": "string",
                },
                "id": Object {
                  "computed": true,
                  "deprecated": true,
                  "description": "This attribute is only present for some legacy compatibility issues and should not be used. It will be removed in a future version.",
                  "description_kind": "markdown",
                  "type": "string",
                },
                "inputs": Object {
                  "description": "A map of arbitrary strings that is copied into the \`outputs\` attribute, and accessible directly for interpolation.",
                  "description_kind": "markdown",
                  "optional": true,
                  "type": Array [
                    "map",
                    "string",
                  ],
                },
                "outputs": Object {
                  "computed": true,
                  "description": "After the data source is \\"read\\", a copy of the \`inputs\` map.",
                  "description_kind": "markdown",
                  "type": Array [
                    "map",
                    "string",
                  ],
                },
                "random": Object {
                  "computed": true,
                  "description": "A random value. This is primarily for testing and has little practical use; prefer the [hashicorp/random provider](https://registry.terraform.io/providers/hashicorp/random) for more practical random number use-cases.",
                  "description_kind": "markdown",
                  "type": "string",
                },
              },
              "deprecated": true,
              "description": "The \`null_data_source\` data source implements the standard data source lifecycle but does not
interact with any external APIs.

Historically, the \`null_data_source\` was typically used to construct intermediate values to re-use elsewhere in configuration. The
same can now be achieved using [locals](https://www.terraform.io/docs/language/values/locals.html).
",
              "description_kind": "markdown",
            },
            "version": 0,
          },
        },
        "provider": Object {
          "block": Object {
            "description_kind": "plain",
          },
          "version": 0,
        },
        "resource_schemas": Object {
          "null_resource": Object {
            "block": Object {
              "attributes": Object {
                "id": Object {
                  "computed": true,
                  "description": "This is set to a random value at create time.",
                  "description_kind": "markdown",
                  "type": "string",
                },
                "triggers": Object {
                  "description": "A map of arbitrary strings that, when changed, will force the null resource to be replaced, re-running any associated provisioners.",
                  "description_kind": "markdown",
                  "optional": true,
                  "type": Array [
                    "map",
                    "string",
                  ],
                },
              },
              "description": "The \`null_resource\` resource implements the standard resource lifecycle but takes no further action.

The \`triggers\` argument allows specifying an arbitrary set of values that, when changed, will cause the resource to be replaced.",
              "description_kind": "markdown",
            },
            "version": 0,
          },
        },
      },
    },
  },
}
`;
