{
  "//": {
    "metadata": {
      "version": "stubbed",
      "stackName": "java-simple"
    }
  },
  "terraform": {
    "required_providers": {
      "aws": {
        "version": "~> 2.0",
        "source": "aws"
      }
    }
  },
  "provider": {
    "aws": [
      {
        "region": "eu-central-1"
      }
    ]
  },
  "resource": {
    "aws_sns_topic": {
      "javasimple_Topic_717B73A3": {
        "display_name": "my-first-sns-topic",
        "//": {
          "metadata": {
            "path": "java-simple/Topic",
            "uniqueId": "javasimple_Topic_717B73A3"
          }
        }
      }
    }
  }
}