{
  "terraform": {
    "required_providers": {
      "aws": "~> 2.0"
    }
  },
  "provider": {
    "aws": [
      {
        "region": "eu-central-1",
        "ignore_tags": [
          {
            "keys": [
              "foo"
            ]
          }
        ]
      }
    ]
  },
  "resource": {
    "aws_sns_topic": {
      "helloterraTopic6609C1D4": {
        "display_name": "topic",
        "provider": "aws",
        "lifecycle": {
          "create_before_destroy": true
        }
      }
    }
  },
  "output": {
    "helloterrasnstopicarn5A23CA34": {
      "value": "${aws_sns_topic.helloterraTopic6609C1D4.arn}"
    }
  }
}